%!Adobe-FontList 1.14
%Locale:0x404

%BeginFont
Handler:DirectoryHandler
FontType:Invalid
OutlineFileName:G:\desktop\lexus2014\Font\nobd-webfont.eot
FileModTime:1401906250
%EndFont

%BeginFont
Handler:DirectoryHandler
FontType:Invalid
OutlineFileName:G:\desktop\lexus2014\Font\nobd-webfont.svg
FileModTime:1401906250
%EndFont

%BeginFont
Handler:DirectoryHandler
FontType:TrueType
FontName:Nobel-Bold
FamilyName:Nobel-Bold
StyleName:Regular
FullName:Nobel-Bold Regular
MenuName:Nobel-Bold
StyleBits:2
WritingScript:Roman
OutlineFileName:G:\desktop\lexus2014\Font\nobd-webfont.ttf
DataFormat:sfntData
FileLength:43308
FileModTime:1401906250
WeightClass:400
WidthClass:5
AngleClass:0
%EndFont

%BeginFont
Handler:DirectoryHandler
FontType:Invalid
OutlineFileName:G:\desktop\lexus2014\Font\nobd-webfont.woff
FileModTime:1401906250
%EndFont

%BeginFont
Handler:DirectoryHandler
FontType:Invalid
OutlineFileName:G:\desktop\lexus2014\Font\nobk-webfont.eot
FileModTime:1401906588
%EndFont

%BeginFont
Handler:DirectoryHandler
FontType:Invalid
OutlineFileName:G:\desktop\lexus2014\Font\nobk-webfont.svg
FileModTime:1401906588
%EndFont

%BeginFont
Handler:DirectoryHandler
FontType:TrueType
FontName:Nobel-Book
FamilyName:Nobel-Book
StyleName:Regular
FullName:Nobel-Book Regular
MenuName:Nobel-Book
StyleBits:0
WritingScript:Roman
OutlineFileName:G:\desktop\lexus2014\Font\nobk-webfont.ttf
DataFormat:sfntData
FileLength:42936
FileModTime:1401906588
WeightClass:400
WidthClass:5
AngleClass:0
%EndFont

%BeginFont
Handler:DirectoryHandler
FontType:Invalid
OutlineFileName:G:\desktop\lexus2014\Font\nobk-webfont.woff
FileModTime:1401906588
%EndFont

%BeginFont
Handler:DirectoryHandler
FontType:Invalid
OutlineFileName:G:\desktop\lexus2014\Font\nobl-webfont.eot
FileModTime:1401906812
%EndFont

%BeginFont
Handler:DirectoryHandler
FontType:Invalid
OutlineFileName:G:\desktop\lexus2014\Font\nobl-webfont.svg
FileModTime:1401906812
%EndFont

%BeginFont
Handler:DirectoryHandler
FontType:TrueType
FontName:Nobel-Black
FamilyName:Nobel-Black
StyleName:Regular
FullName:Nobel-Black Regular
MenuName:Nobel-Black
StyleBits:2
WritingScript:Roman
OutlineFileName:G:\desktop\lexus2014\Font\nobl-webfont.ttf
DataFormat:sfntData
FileLength:40372
FileModTime:1401906812
WeightClass:400
WidthClass:5
AngleClass:0
%EndFont

%BeginFont
Handler:DirectoryHandler
FontType:Invalid
OutlineFileName:G:\desktop\lexus2014\Font\nobl-webfont.woff
FileModTime:1401906812
%EndFont

%BeginFont
Handler:DirectoryHandler
FontType:Invalid
OutlineFileName:G:\desktop\lexus2014\Font\nolt-webfont.eot
FileModTime:1401906904
%EndFont

%BeginFont
Handler:DirectoryHandler
FontType:Invalid
OutlineFileName:G:\desktop\lexus2014\Font\nolt-webfont.svg
FileModTime:1401906904
%EndFont

%BeginFont
Handler:DirectoryHandler
FontType:TrueType
FontName:Nobel-Light
FamilyName:Nobel-Light
StyleName:Regular
FullName:Nobel-Light Regular
MenuName:Nobel-Light
StyleBits:0
WritingScript:Roman
OutlineFileName:G:\desktop\lexus2014\Font\nolt-webfont.ttf
DataFormat:sfntData
FileLength:43008
FileModTime:1401906904
WeightClass:400
WidthClass:5
AngleClass:0
%EndFont

%BeginFont
Handler:DirectoryHandler
FontType:Invalid
OutlineFileName:G:\desktop\lexus2014\Font\nolt-webfont.woff
FileModTime:1401906904
%EndFont

%BeginFont
Handler:DirectoryHandler
FontType:Invalid
OutlineFileName:G:\desktop\lexus2014\Font\nor-webfont.eot
FileModTime:1401906904
%EndFont

%BeginFont
Handler:DirectoryHandler
FontType:Invalid
OutlineFileName:G:\desktop\lexus2014\Font\nor-webfont.svg
FileModTime:1401906904
%EndFont

%BeginFont
Handler:DirectoryHandler
FontType:TrueType
FontName:Nobel-Regular
FamilyName:Nobel-Regular
StyleName:Regular
FullName:Nobel-Regular Regular
MenuName:Nobel-Regular
StyleBits:0
WritingScript:Roman
OutlineFileName:G:\desktop\lexus2014\Font\nor-webfont.ttf
DataFormat:sfntData
FileLength:43600
FileModTime:1401906904
WeightClass:400
WidthClass:5
AngleClass:0
%EndFont

%BeginFont
Handler:DirectoryHandler
FontType:Invalid
OutlineFileName:G:\desktop\lexus2014\Font\nor-webfont.woff
FileModTime:1401906904
%EndFont

